Microchip MPLAB XC8 Compiler V3.00

Linker command line:

-W-3 \
  --edf=C:\Program Files\Microchip\xc8\v3.00\pic\dat\20241204225717_en.msgs \
  -cn -h+dist/default/production\microwave_oven.X.production.sym \
  --cmf=dist/default/production\microwave_oven.X.production.cmf -z \
  -Q16F877A \
  -oC:\Users\BIANCA~1.R\AppData\Local\Temp\xcAsmts.\driver_tmp_3.o \
  --defsym=__MPLAB_BUILD=1 --fixupoverflow=error \
  -Mdist/default/production/microwave_oven.X.production.map \
  --md=C:\Users\BIANCA~1.R\AppData\Local\Temp\xcAsmts.\driver_tmp_0.dat -E1 \
  -ver=XC8 Compiler -ACODE=00h-07FFhx4 -ASTRCODE=00h-01FFFh \
  -ASTRING=00h-0FFhx32 -ACONST=00h-0FFhx32 -AENTRY=00h-0FFhx32 \
  -ACOMMON=070h-07Fh -ABANK0=020h-06Fh -ABANK1=0A0h-0EFh \
  -ABANK2=0110h-016Fh -ABANK3=0190h-01EFh \
  -ARAM=020h-06Fh,0A0h-0EFh,0110h-016Fh,0190h-01EFh \
  -AABS1=020h-07Fh,0A0h-0EFh,0110h-016Fh,0190h-01EFh -ASFR0=00h-01Fh \
  -ASFR1=080h-09Fh -ASFR2=0100h-010Fh -ASFR3=0180h-018Fh \
  -ACONFIG=02007h-02007h -DCONFIG=2 -AIDLOC=02000h-02003h -DIDLOC=2 \
  -AEEDATA=00h-0FFh/02100h -peeprom_data=EEDATA -DEEDATA=2 -DCODE=2 \
  -DSTRCODE=2 -DSTRING=2 -DCONST=2 -DENTRY=2 \
  -preset_vec=00h,intentry=04h,sivt,init,end_init -ppowerup=CODE \
  -pcinit=CODE -pfunctab=ENTRY -k \
  C:\Users\BIANCA~1.R\AppData\Local\Temp\xcAsmts.\driver_tmp_12.o \
  dist/default/production\microwave_oven.X.production.o 

Object code version is 3.11

Machine type is 16F877A



                Name                               Link     Load   Length Selector   Space Scale
C:\Users\BIANCA~1.R\AppData\Local\Temp\xcAsmts.\driver_tmp_12.o
                end_init                              C        C        3        8       0
                reset_vec                             0        0        3        0       0
dist/default/production\microwave_oven.X.production.o
                cinit                                 F        F       1C        8       0
                intentry                              4        4        8        8       0
                text24                              ED6      ED6       42     1DAC       0
                text23                              E66      E66       36     1CCC       0
                text22                              E1C      E1C       25     1C38       0
                text21                              E41      E41       25     1C82       0
                text20                              D64      D64        A     1AC8       0
                text19                              494      494       63        8       0
                text18                              D6E      D6E        D     1ADC       0
                text17                              D7B      D7B       10     1AF6       0
                text16                              D8B      D8B       13     1B16       0
                text15                              DDB      DDB       1E     1BB6       0
                text14                              DB1      DB1       15     1B62       0
                text13                              F5A      F5A       4F     1EB4       0
                text12                              6C4      6C4       AC      BD6       0
                text11                              DF9      DF9       23     1BF2       0
                text10                              F18      F18       42     1E30       0
                text9                               E9C      E9C       3A     1D38       0
                text8                               7D5      7D5       25      BD6       0
                text7                               DC6      DC6       15     1B8C       0
                text6                                2B       2B      205        8       0
                text5                               770      770       65      BD6       0
                text4                               FA9      FA9       57     1F52       0
                text3                               D9E      D9E       13     1B3C       0
                text2                               230      230      134        8       0
                text1                               5EB      5EB       D9      BD6       0
                maintext                            364      364      130        8       0
                cstackBANK0                          20       20       11       20       1
                cstackCOMMON                         70       70        9       70       1
                dataBANK0                            3B       3B        1       20       1
                bssBANK0                             31       31        A       20       1
                dataCOMMON                           7B       7B        1       70       1
                bssCOMMON                            79       79        2       70       1
                strings                             500      500       EB      A00       0
                idataBANK0                          7FB      7FB        1      BD6       0
                idataCOMMON                         7FA      7FA        1      BD6       0

TOTAL           Name                               Link     Load   Length     Space
        CLASS   CODE           
                end_init                              C        C        3         0
                cinit                                 F        F       1C         0
                intentry                              4        4        8         0
                reset_vec                             0        0        3         0
                text24                              ED6      ED6       42         0
                text23                              E66      E66       36         0
                text22                              E1C      E1C       25         0
                text21                              E41      E41       25         0
                text20                              D64      D64        A         0
                text19                              494      494       63         0
                text18                              D6E      D6E        D         0
                text17                              D7B      D7B       10         0
                text16                              D8B      D8B       13         0
                text15                              DDB      DDB       1E         0
                text14                              DB1      DB1       15         0
                text13                              F5A      F5A       4F         0
                text12                              6C4      6C4       AC         0
                text11                              DF9      DF9       23         0
                text10                              F18      F18       42         0
                text9                               E9C      E9C       3A         0
                text8                               7D5      7D5       25         0
                text7                               DC6      DC6       15         0
                text6                                2B       2B      205         0
                text5                               770      770       65         0
                text4                               FA9      FA9       57         0
                text3                               D9E      D9E       13         0
                text2                               230      230      134         0
                text1                               5EB      5EB       D9         0
                maintext                            364      364      130         0
                idataBANK0                          7FB      7FB        1         0
                idataCOMMON                         7FA      7FA        1         0

        CLASS   STRCODE        

        CLASS   STRING         
                strings                             500      500       EB         0

        CLASS   CONST          

        CLASS   ENTRY          

        CLASS   COMMON         
                cstackCOMMON                         70       70        9         1
                dataCOMMON                           7B       7B        1         1
                bssCOMMON                            79       79        2         1

        CLASS   BANK0          
                cstackBANK0                          20       20       11         1
                dataBANK0                            3B       3B        1         1
                bssBANK0                             31       31        A         1

        CLASS   BANK1          

        CLASS   BANK2          

        CLASS   BANK3          

        CLASS   RAM            

        CLASS   ABS1           
                abs_s1                               7E       7E        2         1

        CLASS   SFR0           

        CLASS   SFR1           

        CLASS   SFR2           

        CLASS   SFR3           

        CLASS   CONFIG         

        CLASS   IDLOC          

        CLASS   EEDATA         

        CLASS   HEAP           

        CLASS   STACK          



SEGMENTS        Name                           Load    Length   Top    Selector   Space  Class     Delta

                reset_vec                      000000  000003  000003         0       0  CODE        2
                intentry                       000004  0004F3  0004F7         8       0  CODE        2
                cstackBANK0                    000020  00001C  00003C        20       1  BANK0       1
                cstackCOMMON                   000070  00000C  00007C        70       1  COMMON      1
                strings                        000500  0000EB  0005EB       A00       0  STRING      2
                text1                          0005EB  000211  0007FC       BD6       0  CODE        2
                text20                         000D64  00000A  000D6E      1AC8       0  CODE        2
                text18                         000D6E  00000D  000D7B      1ADC       0  CODE        2
                text17                         000D7B  000010  000D8B      1AF6       0  CODE        2
                text16                         000D8B  000013  000D9E      1B16       0  CODE        2
                text3                          000D9E  000013  000DB1      1B3C       0  CODE        2
                text14                         000DB1  000015  000DC6      1B62       0  CODE        2
                text7                          000DC6  000015  000DDB      1B8C       0  CODE        2
                text15                         000DDB  00001E  000DF9      1BB6       0  CODE        2
                text11                         000DF9  000023  000E1C      1BF2       0  CODE        2
                text22                         000E1C  000025  000E41      1C38       0  CODE        2
                text21                         000E41  000025  000E66      1C82       0  CODE        2
                text23                         000E66  000036  000E9C      1CCC       0  CODE        2
                text9                          000E9C  00003A  000ED6      1D38       0  CODE        2
                text24                         000ED6  000042  000F18      1DAC       0  CODE        2
                text10                         000F18  000042  000F5A      1E30       0  CODE        2
                text13                         000F5A  00004F  000FA9      1EB4       0  CODE        2
                text4                          000FA9  000057  001000      1F52       0  CODE        2


UNUSED ADDRESS RANGES

        Name                Unused          Largest block    Delta
        BANK0            003C-006F             34           1
        BANK1            00A0-00EF             50           1
        BANK2            0110-016F             60           1
        BANK3            0190-01EF             60           1
        CODE             0003-0003              1           2
                         04F7-04FF              9
                         07FC-0D63              4
                         1000-1FFF            800
        COMMON           007C-007D              2           1
        CONFIG           2007-2007              1           2
        CONST            0003-0003              1           2
                         04F7-04FF              9
                         07FC-0D63            100
                         1000-1FFF            100
        EEDATA           2100-21FF            100           2
        ENTRY            0003-0003              1           2
                         04F7-04FF              9
                         07FC-0D63            100
                         1000-1FFF            100
        IDLOC            2000-2003              4           2
        RAM              003C-006F             34           1
                         00A0-00EF             50
                         0110-016F             60
                         0190-01EF             60
        SFR0             0000-001F             20           1
        SFR1             0080-009F             20           1
        SFR2             0100-010F             10           1
        SFR3             0180-018F             10           1
        STRCODE          0003-0003              1           2
                         04F7-04FF              9
                         07FC-0D63            568
                         1000-1FFF           1000
        STRING           0003-0003              1           2
                         04F7-04FF              9
                         07FC-0D63            100
                         1000-1FFF            100

                                  Symbol Table

?___awdiv                        cstackCOMMON 0072
?___awmod                        cstackCOMMON 0072
?___lwdiv                        cstackCOMMON 0072
?___lwmod                        cstackBANK0  0020
?___wmul                         cstackCOMMON 0072
_GIE                             (abs)        005F
_PEIE                            (abs)        005E
_PORTD                           (abs)        0008
_PR2                             (abs)        0092
_RB0                             (abs)        0030
_RB1                             (abs)        0031
_RB2                             (abs)        0032
_RC1                             (abs)        0039
_RC2                             (abs)        003A
_RD0                             (abs)        0040
_RD1                             (abs)        0041
_RD2                             (abs)        0042
_RD3                             (abs)        0043
_RE1                             (abs)        0049
_RE2                             (abs)        004A
_T2CKPS0                         (abs)        0090
_T2CKPS1                         (abs)        0091
_TMR2IE                          (abs)        0461
_TMR2IF                          (abs)        0061
_TMR2ON                          (abs)        0092
_TOUTPS1                         (abs)        0094
_TOUTPS2                         (abs)        0095
_TOUTPS3                         (abs)        0096
_TRISB                           (abs)        0086
_TRISC1                          (abs)        0439
_TRISC2                          (abs)        043A
_TRISD                           (abs)        0088
_TRISE1                          (abs)        0449
_TRISE2                          (abs)        044A
__H__absolute__                  __absolute__ 0000
__Habs1                          abs1         0000
__Hbank0                         bank0        0000
__Hbank1                         bank1        0000
__Hbank2                         bank2        0000
__Hbank3                         bank3        0000
__HbssBANK0                      bssBANK0     0000
__HbssCOMMON                     bssCOMMON    0000
__Hcinit                         cinit        002B
__Hclrtext                       clrtext      0000
__Hcode                          code         0000
__Hcommon                        common       0000
__HcstackBANK0                   cstackBANK0  0000
__HcstackCOMMON                  cstackCOMMON 0000
__HdataBANK0                     dataBANK0    0000
__HdataCOMMON                    dataCOMMON   0000
__Heeprom_data                   eeprom_data  0000
__Hend_init                      end_init     000F
__Hfunctab                       functab      0000
__Hheap                          heap         0000
__HidataBANK0                    idataBANK0   0000
__HidataCOMMON                   idataCOMMON  0000
__Hinit                          init         000C
__Hintentry                      intentry     000C
__Hmaintext                      maintext     0000
__Hpowerup                       powerup      0000
__Hram                           ram          0000
__Hreset_vec                     reset_vec    0003
__Hsfr0                          sfr0         0000
__Hsfr1                          sfr1         0000
__Hsfr2                          sfr2         0000
__Hsfr3                          sfr3         0000
__Hsivt                          sivt         000C
__Hspace_0                       (abs)        1000
__Hspace_1                       (abs)        007C
__Hspace_2                       (abs)        0000
__Hspace_3                       (abs)        0000
__Hstack                         stack        0000
__Hstrings                       strings      0000
__Htext                          text         0000
__L__absolute__                  __absolute__ 0000
__Labs1                          abs1         0000
__Lbank0                         bank0        0000
__Lbank1                         bank1        0000
__Lbank2                         bank2        0000
__Lbank3                         bank3        0000
__LbssBANK0                      bssBANK0     0000
__LbssCOMMON                     bssCOMMON    0000
__Lcinit                         cinit        000F
__Lclrtext                       clrtext      0000
__Lcode                          code         0000
__Lcommon                        common       0000
__LcstackBANK0                   cstackBANK0  0000
__LcstackCOMMON                  cstackCOMMON 0000
__LdataBANK0                     dataBANK0    0000
__LdataCOMMON                    dataCOMMON   0000
__Leeprom_data                   eeprom_data  0000
__Lend_init                      end_init     000C
__Lfunctab                       functab      0000
__Lheap                          heap         0000
__LidataBANK0                    idataBANK0   0000
__LidataCOMMON                   idataCOMMON  0000
__Linit                          init         000C
__Lintentry                      intentry     0004
__Lmaintext                      maintext     0000
__Lpowerup                       powerup      0000
__Lram                           ram          0000
__Lreset_vec                     reset_vec    0000
__Lsfr0                          sfr0         0000
__Lsfr1                          sfr1         0000
__Lsfr2                          sfr2         0000
__Lsfr3                          sfr3         0000
__Lsivt                          sivt         000C
__Lspace_0                       (abs)        0000
__Lspace_1                       (abs)        0000
__Lspace_2                       (abs)        0000
__Lspace_3                       (abs)        0000
__Lstack                         stack        0000
__Lstrings                       strings      0000
__Ltext                          text         0000
__S0                             (abs)        1000
__S1                             (abs)        007C
__S3                             (abs)        0000
___awdiv                         text5        0770
___awdiv@counter                 cstackBANK0  0020
___awdiv@dividend                cstackCOMMON 0074
___awdiv@divisor                 cstackCOMMON 0072
___awdiv@quotient                cstackBANK0  0022
___awdiv@sign                    cstackBANK0  0021
___awmod                         text4        0FA9
___awmod@counter                 cstackCOMMON 0076
___awmod@dividend                cstackCOMMON 0074
___awmod@divisor                 cstackCOMMON 0072
___awmod@sign                    cstackCOMMON 0077
___bmul                          text3        0D9E
___bmul@multiplicand             cstackCOMMON 0072
___bmul@multiplier               cstackCOMMON 0074
___bmul@product                  cstackCOMMON 0073
___heap_hi                       (abs)        0000
___heap_lo                       (abs)        0000
___int_sp                        stack        0000
___int_stack_hi                  stack        0000
___int_stack_lo                  stack        0000
___latbits                       (abs)        0002
___lwdiv                         text10       0F18
___lwdiv@counter                 cstackCOMMON 0078
___lwdiv@dividend                cstackCOMMON 0074
___lwdiv@divisor                 cstackCOMMON 0072
___lwdiv@quotient                cstackCOMMON 0076
___lwmod                         text9        0E9C
___lwmod@counter                 cstackBANK0  0024
___lwmod@dividend                cstackBANK0  0022
___lwmod@divisor                 cstackBANK0  0020
___sp                            stack        0000
___stack_hi                      stack        0000
___stack_lo                      stack        0000
___stackhi                       (abs)        0000
___stacklo                       (abs)        0000
___wmul                          text8        07D5
___wmul@multiplicand             cstackCOMMON 0074
___wmul@multiplier               cstackCOMMON 0072
___wmul@product                  cstackCOMMON 0076
__end_of___awdiv                 text5        07D5
__end_of___awmod                 text4        1000
__end_of___bmul                  text3        0DB1
__end_of___lwdiv                 text10       0F5A
__end_of___lwmod                 text9        0ED6
__end_of___wmul                  text8        07FA
__end_of__initialization         cinit        0027
__end_of__stringtab              strings      0506
__end_of_clcd_print              text22       0E41
__end_of_clcd_putch              text14       0DC6
__end_of_clcd_write              text23       0E9C
__end_of_clear_screen            text7        0DDB
__end_of_display_menu_screen     text21       0E66
__end_of_heat_food               text20       0D6E
__end_of_init_clcd               text18       0D7B
__end_of_init_config             text15       0DF9
__end_of_init_display_controller text19       04F7
__end_of_init_matrix_keypad      text17       0D8B
__end_of_init_timer2             text16       0D9E
__end_of_isr                     text24       0F18
__end_of_main                    maintext     0494
__end_of_power_on_screen         text13       0FA9
__end_of_read_matrix_keypad      text11       0E1C
__end_of_scan_keypad             text12       0770
__end_of_set_temp                text6        0230
__end_of_set_time                text2        0364
__end_of_time_display            text1        06C4
__initialization                 cinit        000F
__pbssBANK0                      bssBANK0     0031
__pbssCOMMON                     bssCOMMON    0079
__pcstackBANK0                   cstackBANK0  0020
__pcstackCOMMON                  cstackCOMMON 0070
__pdataBANK0                     dataBANK0    003B
__pdataCOMMON                    dataCOMMON   007B
__pidataBANK0                    idataBANK0   07FB
__pidataCOMMON                   idataCOMMON  07FA
__pintentry                      intentry     0004
__pmaintext                      maintext     0364
__pstrings                       strings      0500
__ptext1                         text1        05EB
__ptext10                        text10       0F18
__ptext11                        text11       0DF9
__ptext12                        text12       06C4
__ptext13                        text13       0F5A
__ptext14                        text14       0DB1
__ptext15                        text15       0DDB
__ptext16                        text16       0D8B
__ptext17                        text17       0D7B
__ptext18                        text18       0D6E
__ptext19                        text19       0494
__ptext2                         text2        0230
__ptext20                        text20       0D64
__ptext21                        text21       0E41
__ptext22                        text22       0E1C
__ptext23                        text23       0E66
__ptext24                        text24       0ED6
__ptext3                         text3        0D9E
__ptext4                         text4        0FA9
__ptext5                         text5        0770
__ptext6                         text6        002B
__ptext7                         text7        0DC6
__ptext8                         text8        07D5
__ptext9                         text9        0E9C
__stringbase                     strings      0505
__stringtab                      strings      0500
_clcd_print                      text22       0E1C
_clcd_putch                      text14       0DB1
_clcd_write                      text23       0E66
_clear_screen                    text7        0DC6
_count                           bssCOMMON    0079
_display_menu_screen             text21       0E41
_heat_food                       text20       0D64
_init_clcd                       text18       0D6E
_init_config                     text15       0DDB
_init_display_controller         text19       0494
_init_matrix_keypad              text17       0D7B
_init_timer2                     text16       0D8B
_isr                             text24       0ED6
_main                            maintext     0364
_min                             bssBANK0     003A
_nRBPU                           (abs)        040F
_operational_flag                dataBANK0    003B
_power_on_screen                 text13       0F5A
_pre_heat_time                   bssBANK0     0033
_read_matrix_keypad              text11       0DF9
_reset_flag                      bssBANK0     0035
_scan_keypad                     text12       06C4
_sec                             bssBANK0     0039
_set_temp                        text6        002B
_set_time                        text2        0230
_time_display                    text1        05EB
btemp                            (abs)        007E
clcd_print@addr                  cstackCOMMON 0077
clcd_print@str                   cstackCOMMON 0076
clcd_putch@addr                  cstackBANK0  0025
clcd_putch@data                  cstackBANK0  0026
clcd_write@byte                  cstackCOMMON 0075
clcd_write@mode                  cstackCOMMON 0072
end_of_initialization            cinit        0027
interrupt_function               intentry     0004
intlevel0                        functab      0000
intlevel1                        functab      0000
intlevel2                        functab      0000
intlevel3                        functab      0000
intlevel4                        functab      0000
intlevel5                        functab      0000
main@key                         cstackBANK0  0030
main@start_mode                  cstackBANK0  002F
power_on_screen@i                cstackBANK0  0027
power_on_screen@i_57             cstackBANK0  0029
read_matrix_keypad@key           cstackCOMMON 0075
read_matrix_keypad@mode          cstackCOMMON 0074
read_matrix_keypad@once          dataCOMMON   007B
reset_vec                        reset_vec    0000
saved_w                          (abs)        007E
scan_keypad@i                    cstackCOMMON 0072
set_temp@key                     cstackBANK0  002A
set_temp@key_count               bssBANK0     0036
set_temp@reset_flag              cstackBANK0  0027
set_temp@temp                    bssBANK0     0031
set_temp@wait                    cstackBANK0  0028
set_temp@wait_94                 cstackBANK0  0029
set_time@blink_pos               bssBANK0     0038
set_time@key                     cstackBANK0  002B
set_time@key_count               bssBANK0     0037
set_time@reset_flag              cstackBANK0  0027
set_time@wait                    cstackBANK0  002A
start                            init         000C
start_initialization             cinit        000F
wtemp0                           (abs)        007E


MODULE INFORMATION

Module		Function		Class		Link	Load	Size
timers.c
		_init_timer2   		CODE           	0D8B	0000	19

timers.c estimated size: 19

matrix_keypad.c
		_init_matrix_keypad		CODE           	0D7B	0000	16
		_read_matrix_keypad		CODE           	0DF9	0000	35
		_scan_keypad   		CODE           	06C4	0000	172

matrix_keypad.c estimated size: 223

C:\Program Files\Microchip\xc8\v3.00\pic\sources\c99\common\Umul16.c
		___wmul        		CODE           	07D5	0000	37

C:\Program Files\Microchip\xc8\v3.00\pic\sources\c99\common\Umul16.c estimated size: 37

C:\Program Files\Microchip\xc8\v3.00\pic\sources\c99\common\lwmod.c
		___lwmod       		CODE           	0E9C	0000	58

C:\Program Files\Microchip\xc8\v3.00\pic\sources\c99\common\lwmod.c estimated size: 58

C:\Program Files\Microchip\xc8\v3.00\pic\sources\c99\common\awmod.c
		___awmod       		CODE           	0FA9	0000	87

C:\Program Files\Microchip\xc8\v3.00\pic\sources\c99\common\awmod.c estimated size: 87

microwave_oven.c
		_heat_food     		CODE           	0D64	0000	10
		_set_temp      		CODE           	002B	0000	517
		_display_menu_screen		CODE           	0E41	0000	37
		_clear_screen  		CODE           	0DC6	0000	21
		_power_on_screen		CODE           	0F5A	0000	79
		_set_time      		CODE           	0230	0000	308
		_time_display  		CODE           	05EB	0000	217

microwave_oven.c estimated size: 1189

isr.c
		_isr           		CODE           	0ED6	0000	66

isr.c estimated size: 66

shared
		__stringtab    		STRING         	0500	0000	6
		__initialization		CODE           	000F	0000	24

shared estimated size: 30

clcd.c
		_clcd_write    		CODE           	0E66	0000	54
		_clcd_print    		CODE           	0E1C	0000	37
		_clcd_putch    		CODE           	0DB1	0000	21
		_init_display_controller		CODE           	0494	0000	99
		_init_clcd     		CODE           	0D6E	0000	13

clcd.c estimated size: 224

C:\Program Files\Microchip\xc8\v3.00\pic\sources\c99\common\lwdiv.c
		___lwdiv       		CODE           	0F18	0000	66

C:\Program Files\Microchip\xc8\v3.00\pic\sources\c99\common\lwdiv.c estimated size: 66

C:\Program Files\Microchip\xc8\v3.00\pic\sources\c99\common\awdiv.c
		___awdiv       		CODE           	0770	0000	101

C:\Program Files\Microchip\xc8\v3.00\pic\sources\c99\common\awdiv.c estimated size: 101

main.c
		_main          		CODE           	0364	0000	304
		_init_config   		CODE           	0DDB	0000	30

main.c estimated size: 334

C:\Program Files\Microchip\xc8\v3.00\pic\sources\c99\common\Umul8.c
		___bmul        		CODE           	0D9E	0000	19

C:\Program Files\Microchip\xc8\v3.00\pic\sources\c99\common\Umul8.c estimated size: 19

